clang : /d/Rocm10/lib/llvm/bin/clang.exe (AMD clang version 23.0.0git (https://github.com/ROCm/llvm-project.git 0bace1908348b840e6aa1b4b6e12151dae208158))
hipcc : /d/Rocm10/bin/hipcc.exe
arch  : gfx1031
files : attn_c16.hip expert_gemm.hip gemm_tiled.hip gemm_w4.hip gemm_wmma.hip knj_xfer_probe.hip q4k_moe_ffn.hip q4k_stream_ffn.hip rocwmma_attn.hip rocwmma_layout_probe.hip rocwmma_moe.hip rocwmma_tput.hip trace_components.hip wmma_layout.hip wmma_run.hip wmma_tile_probe.hip 

==============================================================================
TIER C  device run (gfx1031)
==============================================================================
  attn_c16       device AMD Radeon RX 6700 XT  arch gfx1031  20 CU  2424 MHz
packed-f16 peak, derived: 24.8 TFLOP/s

measured VRAM roofline: 306.8 GB/s (streaming 256 MB)

validate S=512 H=4 G=2 (GQA)  prefill relRMSE 1.80e-04 PASS   decode relRMSE 1.22e-04 PASS
validate S=512 H=4 G=4 (MQA)  prefill relRMSE 1.80e-04 PASS   decode relRMSE 1.84e-04 PASS
spot oracle at timing config: prefill 1.38e-04 PASS, decode 1.97e-04 PASS

   kernel                     us   TFLOP/s  %peak     GB/s  %roof
   prefill 2048x8 GQA4      8920.2     0.963     3.9%      1.2     0.4%
   decode  step x8x8          215.0     0.312     1.3%     78.0    25.4%

   cycles/score-round (CU-amortized): prefill 26, decode 80

   decode is memory-bound by construction (docs/00 8.3): 16.8 MB of K+V per step - %roof carries it.
   prefill is NEITHER DRAM-bound (0.4% roof: KV re-reads are L2-resident) NOR near
   compute peak: %peak is the headroom the score round still has. Its levers are
   residency (tile size) and the serial chain - both applied in this file.
RESULT: PASS

  expert_gemm    device AMD Radeon RX 6700 XT  arch gfx1031  20 CU  wave 32  2424 MHz  2048 thr/CU (max 64 waves/CU)
packed-f16 peak, derived from CU count and clock: 24.8 TFLOP/s

correctness: all 24576 output elements against a double oracle
  relative RMSE        1.008e-03
  max |error|          0.0157  (5.18e-03 of the 3.034 output RMS)
  exactly-zero outputs 0 of 24576
  PASS (fp16 in, fp32 accumulate; ~1e-3 is the expected floor)

tiling and occupancy census (this is what the profiler would say)
  tile per block      32 rows x 64 cols, 128 threads, split-K 4
  per thread          8 rows x 2 cols = 16 accumulators,
                       10 loads per 16 v_pk_fma_f16  (0.62 loads/FMA)
  grid                1 x 12 x 4 = 48 blocks on 20 CU
  waves               192 total, 9.6 per CU of 64 possible  -> 15.0% theoretical occupancy
  B re-read           1 time(s) (once per row-block)

measured bandwidth
  VRAM   311.9 GB/s  streaming 512 MB        <- the GEMM's own roofline
  PCIe    27.8 GB/s  streaming 256 MB pinned <- roofline for experts
  PCIe    16.5 GB/s  one 2.47 MB expert copy  <- the size that matters

expert GEMM [32 x 2048] * [2048 x 768], SIMT packed-f16, split-K sweep
   KS   blocks    us   TFLOP/s   % of peak   GB/s   % of VRAM roofline
     1      12   728.4     0.14      0.6%     4.3      1.4%
     2      24   424.8     0.24      1.0%     7.4      2.4%
     4      48   256.1     0.39      1.6%    12.3      3.9%
     8      96   140.4     0.72      2.9%    22.4      7.2%
    16     192    93.1     1.08      4.4%    33.8     10.8%
    32     384    84.5     1.19      4.8%    37.2     11.9%
    64     768    74.7     1.35      5.4%    42.1     13.5%

  best: split-K 64 at 74.7 us = 1.35 TFLOP/s = 5.4% of derived peak
  was 0.8% of peak at 1 column/thread with no split-K.

WHY NO KERNEL CAN DO MUCH BETTER AT M=32
  minimum bytes that must move     4.72 MB  (B once, A per column block)
  arithmetic intensity             21.3 FLOP/byte
  machine balance (peak / BW)      79.6 FLOP/byte
  => hard ceiling at M=32          26.8% of peak, whatever the code does
  this kernel reaches               5.4% of peak =  20.3% of that ceiling

  The M=32 shape is byte-bound: 21 FLOP/byte cannot buy 80 of
machine. Raising M is the only thing that moves this ratio; tiling, registers and split-K cannot.

one expert at M=32: 302 MFLOP
  arithmetic at DERIVED peak   12.166 us
  arithmetic in this kernel      224.0 us  (18x off peak)
  transfer over PCIe (16.5 GB/s)  149.7 us

WHAT BIT-WIDTH BUYS, at the MEASURED 16.5 GB/s PCIe
Every row is one full 128-expert sweep -- the worst case, where all
32 tokens route to disjoint experts. Quality is NOT modelled here;
only bytes are. An actual W2/W3 design has to beat the 81.5 dB SNR
penalty that killed the int4 activation path (gemm_w4.hip).
   format   B/weight   expert MB   128 experts   vs peak arithmetic
   W4 g128    0.5234       2.47      19.17 ms        12.3x  (transfer-bound)
   W3 g128    0.3984       1.88      14.59 ms         9.4x  (transfer-bound)
   W2 g128    0.2734       1.29      10.01 ms         6.4x  (transfer-bound)

  To become compute-bound, PCIe would have to reach 203.0 GB/s at W4.
  No shipping interconnect is close, so the crossover cannot be moved
  by tuning -- only by moving fewer bytes.
  Halving to W2 only buys 1.9x, because the arithmetic side is already
  near free. That is the honest shape of this problem: it is a byte-
  movement problem wearing an inference engine's clothes.

  gemm_tiled     device AMD Radeon RX 6700 XT  arch gfx1031  20 CU  wave 32  2424 MHz
packed-f16 peak, derived from CU count and clock: 24.8 TFLOP/s

kernel: LDS-tiled 64x64, TK=32, 128 thr, 8x4 accumulators/thread, v_pk_fma_f16

occupancy census: 128 regs/thread, 8192 B LDS/block, 131072 reg dwords/CU
  waves active/CU: 32 (driver: 8 blocks x 4 waves)
  waves possible: reg-cap 32, LDS-cap 32 (64 KB CU LDS)
  concurrency probe: 1 blk 39.60 ms, 32 blks 42.77 ms, 64 blks 43.17 ms
  => 2+ blocks/CU run concurrently (64-block time 1.01x the 32-block time)

measured VRAM roofline: 320.0 GB/s (streaming 256 MB)

  M     us  TFLOP/s  %peak   GB/s  %roof   RMSE    zeros  blocks
    [1 element(s) computed to 0.0 with |want| <= 0.05, inside the f16-chain noise floor]
    noise: worst |err| = 0.0384
   32  304.7     0.33     1.3%   11.1    3.5%  2.8e-03      0      12  PASS
    [1 element(s) computed to 0.0 with |want| <= 0.05, inside the f16-chain noise floor]
    noise: worst |err| = 0.0394
  128  337.9     1.19     4.8%   21.3    6.7%  2.9e-03      0      24  PASS
    [1 element(s) computed to 0.0 with |want| <= 0.05, inside the f16-chain noise floor]
    noise: worst |err| = 0.0425
  512  436.1     3.69    14.9%   66.1   20.7%  2.9e-03      0      96  PASS
    [1 element(s) computed to 0.0 with |want| <= 0.05, inside the f16-chain noise floor]
    noise: worst |err| = 0.0425
 1024  813.4     3.96    16.0%   70.9   22.2%  2.9e-03      0     192  PASS

BEST: M=1024 at 16.0% of the derived packed-f16 peak (4.0 TFLOP/s of 24.8)
M=32 is byte-bound by construction (see expert_gemm.hip section 5: 0 FLOP/byte
available vs 78 machine balance) - its number is a roofline verdict, not a kernel verdict.
RESULT: PASS

  knj_xfer_probe === knj_xfer_probe -- decompose the streamed expert transfer rate ===
device      AMD Radeon RX 6700 XT (gfx1031)
file        (none given -- read side uses a host fill; read-only case NOT RUN)
slab        2580480 bytes (2.4609 MiB)   count 64   offset 0
total       157.50 MiB per case
  A read-only                   NOT RUN (no file argument; a host-fill rate is not a read rate)

--- transport decomposition (each case: 64 x 2.4609 MiB) ---
  A read-only                NOT RUN (see note above)
  B h2d-blocking-stream       11357.16 MiB/s      0.217 ms/copy   (165150720 bytes in 0.014 s)
  C h2d-nonblocking-stream     5720.91 MiB/s      0.430 ms/copy   (165150720 bytes in 0.028 s)
  D fill+h2d pipelined         8660.32 MiB/s      0.284 ms/copy   (165150720 bytes in 0.018 s)
  E fill +sync-d2h (block)     3825.32 MiB/s      0.643 ms/copy   (165150720 bytes in 0.041 s)
  F fill +sync-d2h (nonblk)    4019.49 MiB/s      0.612 ms/copy   (165150720 bytes in 0.039 s)

  reference (docs/00 section 8): one 2.47 MB expert copy = 13.4-14.7 GB/s = 13926 MiB/s
  B h2d-blocking-stream      0.816x the single-copy reference
  C h2d-nonblocking-stream   0.411x the single-copy reference
  D fill+h2d pipelined       0.622x the single-copy reference
  E fill +sync-d2h (block)   0.275x the single-copy reference
  F fill +sync-d2h (nonblk)  0.289x the single-copy reference
  ratio E/D (does the harness's sync D2H cost anything?):          2.264x
  ratio F/E (does the stream flag recover it?):                    0.952x

=== Summary ===
  checks failed: 0

RESULT: PASS

  q4k_moe_ffn    REFUSED/UNBUILT  static assertion failed: Unsupported architecture
  q4k_stream_ffn REFUSED/UNBUILT  static assertion failed: Unsupported architecture
  rocwmma_attn   REFUSED/UNBUILT  static assertion failed: Unsupported architecture
  rocwmma_layout_probe REFUSED/UNBUILT  static assertion failed: Unsupported architecture
  rocwmma_moe    REFUSED/UNBUILT  static assertion failed: Unsupported architecture
  rocwmma_tput   REFUSED/UNBUILT  static assertion failed: Unsupported architecture
  trace_components   device  AMD Radeon RX 6700 XT  gfx1031  20 CU  wave32
  build   --offload-arch=gfx-1 -O2 -nogpulib  (HIP 7.16)

  equivalence: 0 mismatches, 260957/262144 rows differ from row 0
     component           ops   %dev      dev us     idle us     host us
     h2d_pageable            8   38.7%    93755.70        0.00   107962.40
     h2d_pinned              8   31.9%    77265.30        0.00    77231.30
     d2h_pinned              4   14.9%    36032.00        0.00    74056.10
     grid_f32_bulk           8   11.1%    26764.20      128.70       12.10
     grid_f32_coalesced      8    1.1%     2762.00       53.00       12.30
     micro_simt_pk16      2000    0.9%     2230.42      266.68     2045.80
     grid_f32_256blk         8    0.6%     1526.73       76.67       15.50
     dispatch_empty        256    0.6%     1340.13        0.00     1186.50
     micro_simt_f32       2000    0.1%      228.18      613.82     2099.30
     grid_mul_4096blk        8    0.0%       49.33       76.67       14.60
     arch_guard           4096    0.0%        0.00        0.00        1.30
     device_props           16    0.0%        0.00        0.60        5.00
     alloc_256mb             8    0.0%        0.00        0.40    10588.20
     alloc_pinned_256mb      8    0.0%        0.00        0.30    31680.30
     sync_drained           32    0.0%        0.00        1.20       81.50
   instrumentation floor, 256 empty ops timed through the same begin/end path: 0.02 us host, 3.54 us device each.

RESULT: PASS

  wmma_layout    REFUSED/UNBUILT  '__builtin_amdgcn_wmma_f32_16x16x16_f16_w32_gfx12' needs tar
  wmma_run       REFUSED/UNBUILT  '__builtin_amdgcn_wmma_f32_16x16x16_f16_w32_gfx12' needs tar
  wmma_tile_probe REFUSED/UNBUILT  '__builtin_amdgcn_wmma_f32_16x16x16_f16_w32_gfx12' needs tar
  q4k_moe_ffn.hip: SKIPPED on gfx1031 (no WMMA on RDNA2 — correct refusal, not a result)
  q4k_stream_ffn.hip: SKIPPED on gfx1031 (no WMMA on RDNA2 — correct refusal, not a result)
  rocwmma_attn.hip: SKIPPED on gfx1031 (no WMMA on RDNA2 — correct refusal, not a result)
  rocwmma_layout_probe.hip: SKIPPED on gfx1031 (no WMMA on RDNA2 — correct refusal, not a result)
  rocwmma_moe.hip: SKIPPED on gfx1031 (no WMMA on RDNA2 — correct refusal, not a result)
  rocwmma_tput.hip: SKIPPED on gfx1031 (no WMMA on RDNA2 — correct refusal, not a result)
  wmma_layout.hip: SKIPPED on gfx1031 (no WMMA on RDNA2 — correct refusal, not a result)
  wmma_run.hip: SKIPPED on gfx1031 (no WMMA on RDNA2 — correct refusal, not a result)
  wmma_tile_probe.hip: SKIPPED on gfx1031 (no WMMA on RDNA2 — correct refusal, not a result)
MACX tierC gfx1031: PASS
TIERC_EXIT=0
